// Jest Snapshot v1, https://goo.gl/fbAQLP

exports[`should render ExpenseList with expenses correctly 1`] = `
<div>
  <ExpenseListItem
    amount={195}
    createdAt={0}
    description="Gum"
    id="1"
    key="1"
    note=""
  />
  <ExpenseListItem
    amount={109500}
    createdAt={"1969-12-28T00:00:00.000Z"}
    description="rent"
    id="2"
    key="2"
    note=""
  />
  <ExpenseListItem
    amount={4500}
    createdAt={"1970-01-05T00:00:00.000Z"}
    description="Credit Card"
    id="3"
    key="3"
    note=""
  />
</div>
`;

exports[`should render ExpenseList with no expenses correctly 1`] = `
<div>
  <p>
    No expenses
  </p>
</div>
`;
